
Allocating common symbols
Common symbol       size              file

uart_rec            0xa               init.o
nmi_caller          0x4               1c102_cmdline.o
display             0x14              bh1750.o
exti_irq_handle     0x80              1c102_Interrupt.o
STS                 0x1               ls1c102_i2c.o
BUF                 0x2               bh1750.o
uart_rec_len        0x1               init.o
_rand_next          0x4               ls1x_printf.o
Flash_pe            0x1               ls1x_flash.o

Discarded input sections

 .text          0x0000000000000000       0x14 start.o
 .data          0x0000000000000000        0x0 start.o
 .bss           0x0000000000000000        0x0 start.o
 .data          0x0000000000000000        0x0 serial.o
 .bss           0x0000000000000000        0x0 serial.o
 .data          0x0000000000000000        0x0 wakeup.o
 .bss           0x0000000000000000        0x0 wakeup.o
 .text          0x0000000000000000        0x0 UserGpio.o
 .data          0x0000000000000000        0x0 UserGpio.o
 .bss           0x0000000000000000        0x0 UserGpio.o
 .eh_frame      0x0000000000000000       0x3c UserGpio.o
 .text          0x0000000000000000        0x0 init.o
 .data          0x0000000000000000        0x0 init.o
 .bss           0x0000000000000000        0x0 init.o
 .eh_frame      0x0000000000000000       0x3c init.o
 COMMON         0x0000000000000000        0xb init.o
 .text          0x0000000000000000        0x0 ls1x_gpio.o
 .data          0x0000000000000000        0x0 ls1x_gpio.o
 .bss           0x0000000000000000        0x0 ls1x_gpio.o
 .text.GPIO_Init
                0x0000000000000000       0x68 ls1x_gpio.o
 .text.gpio_set_InputStatus
                0x0000000000000000      0x128 ls1x_gpio.o
 .eh_frame      0x0000000000000000      0x110 ls1x_gpio.o
 .text          0x0000000000000000        0x0 ls1x_spi.o
 .data          0x0000000000000000        0x0 ls1x_spi.o
 .bss           0x0000000000000000        0x0 ls1x_spi.o
 .rodata        0x0000000000000000       0x42 ls1x_spi.o
 .text.Spi_FreqDiv
                0x0000000000000000      0x140 ls1x_spi.o
 .text.Spi_Init
                0x0000000000000000       0x70 ls1x_spi.o
 .text.Spi_Write_Read_1to4
                0x0000000000000000       0xf0 ls1x_spi.o
 .text.Spi_Write_Read_N
                0x0000000000000000      0x124 ls1x_spi.o
 .text.Spi_Cs_Down
                0x0000000000000000       0x58 ls1x_spi.o
 .text.Spi_Cs_Up
                0x0000000000000000       0x54 ls1x_spi.o
 .text.Spi_Send
                0x0000000000000000       0x40 ls1x_spi.o
 .text.Spiflash_Rdsr
                0x0000000000000000       0x4c ls1x_spi.o
 .text.Spiflash_Wait_Wip_Zero
                0x0000000000000000       0x38 ls1x_spi.o
 .text.Spiflash_Wren
                0x0000000000000000       0x4c ls1x_spi.o
 .text.Spiflash_Wrsr
                0x0000000000000000       0x5c ls1x_spi.o
 .text.Spiflash_Rdsr2
                0x0000000000000000       0x4c ls1x_spi.o
 .text.Spiflash_Rdsr3
                0x0000000000000000       0x4c ls1x_spi.o
 .text.Spiflash_Rdid
                0x0000000000000000       0x68 ls1x_spi.o
 .text.Spiflash_Sector_Erase
                0x0000000000000000       0x90 ls1x_spi.o
 .text.Spiflash_Block64k_Erase
                0x0000000000000000       0x90 ls1x_spi.o
 .text.Spiflash_Page_Program
                0x0000000000000000       0xa4 ls1x_spi.o
 .text.Spiflash_Read_Bytes
                0x0000000000000000       0x9c ls1x_spi.o
 .text.SPI_TransByte
                0x0000000000000000       0xe8 ls1x_spi.o
 .text.SpiFlashCsn0Enable
                0x0000000000000000       0x28 ls1x_spi.o
 .text.SpiFlashCsn0Disable
                0x0000000000000000       0x28 ls1x_spi.o
 .comment       0x0000000000000000       0x12 ls1x_spi.o
 .eh_frame      0x0000000000000000      0x320 ls1x_spi.o
 .text          0x0000000000000000        0x0 ls1x_printf.o
 .data          0x0000000000000000        0x0 ls1x_printf.o
 .bss           0x0000000000000000        0x0 ls1x_printf.o
 .rodata        0x0000000000000000        0x7 ls1x_printf.o
 .text.printBuf
                0x0000000000000000       0x78 ls1x_printf.o
 .text.myputchar2
                0x0000000000000000       0x84 ls1x_printf.o
 .text.mygetchar
                0x0000000000000000       0x38 ls1x_printf.o
 .text.printbase2
                0x0000000000000000      0x178 ls1x_printf.o
 .text.puts2    0x0000000000000000       0x88 ls1x_printf.o
 .text.myprintf2
                0x0000000000000000      0x414 ls1x_printf.o
 .rodata.myprintf2
                0x0000000000000000      0x150 ls1x_printf.o
 .text.rand     0x0000000000000000       0x5c ls1x_printf.o
 .eh_frame      0x0000000000000000      0x27c ls1x_printf.o
 COMMON         0x0000000000000000        0x4 ls1x_printf.o
 .text          0x0000000000000000        0x0 ls1x_uart.o
 .data          0x0000000000000000        0x0 ls1x_uart.o
 .bss           0x0000000000000000        0x0 ls1x_uart.o
 .text.Uart_init
                0x0000000000000000       0xa4 ls1x_uart.o
 .text.UART_SendDataALL
                0x0000000000000000       0x78 ls1x_uart.o
 .text.UART_ReceiveData
                0x0000000000000000       0x4c ls1x_uart.o
 .text.UART_GetFlagStatus
                0x0000000000000000       0x64 ls1x_uart.o
 .text.UART_GetITStatus
                0x0000000000000000       0x60 ls1x_uart.o
 .text.UART_ClearITPendingBit
                0x0000000000000000       0xa4 ls1x_uart.o
 .text.x_getchar
                0x0000000000000000       0x2c ls1x_uart.o
 .text.UartInit
                0x0000000000000000       0x6c ls1x_uart.o
 .text.Uart0_init
                0x0000000000000000       0xc4 ls1x_uart.o
 .text.Uart2_init
                0x0000000000000000       0x7c ls1x_uart.o
 .text.Uart1_init_test
                0x0000000000000000       0x80 ls1x_uart.o
 .text.Uart0_send
                0x0000000000000000       0x3c ls1x_uart.o
 .text.Uart1_send
                0x0000000000000000       0x3c ls1x_uart.o
 .text.Uart2_send
                0x0000000000000000       0x3c ls1x_uart.o
 .eh_frame      0x0000000000000000      0x2c8 ls1x_uart.o
 .text          0x0000000000000000        0x0 ls1x_clock.o
 .data          0x0000000000000000        0x0 ls1x_clock.o
 .bss           0x0000000000000000        0x0 ls1x_clock.o
 .text.CLOCK_checkSelect
                0x0000000000000000       0xc0 ls1x_clock.o
 .text.CLOCK_GetFlagStatus
                0x0000000000000000       0x3c ls1x_clock.o
 .text.CLOCK_GetClocksFreq
                0x0000000000000000       0x6c ls1x_clock.o
 .eh_frame      0x0000000000000000      0x18c ls1x_clock.o
 .text          0x0000000000000000        0x0 ls1x_common.o
 .data          0x0000000000000000        0x0 ls1x_common.o
 .bss           0x0000000000000000        0x0 ls1x_common.o
 .text.IsGlobalIntOpen
                0x0000000000000000       0x38 ls1x_common.o
 .text.DisableExtInt
                0x0000000000000000       0x40 ls1x_common.o
 .text.EnableExtInt
                0x0000000000000000       0x3c ls1x_common.o
 .text.Set_soft_int
                0x0000000000000000       0x24 ls1x_common.o
 .text.Set_soft_stop
                0x0000000000000000       0x24 ls1x_common.o
 .text.Set_Timer_Init
                0x0000000000000000       0x30 ls1x_common.o
 .text.Wake_256sec_Set
                0x0000000000000000       0xa8 ls1x_common.o
 .eh_frame      0x0000000000000000      0x19c ls1x_common.o
 .text          0x0000000000000000        0x0 ls1x_pmu.o
 .data          0x0000000000000000        0x0 ls1x_pmu.o
 .bss           0x0000000000000000        0x0 ls1x_pmu.o
 .eh_frame      0x0000000000000000       0x58 ls1x_pmu.o
 .text          0x0000000000000000        0x0 ls1x_logo.o
 .data          0x0000000000000000        0x0 ls1x_logo.o
 .bss           0x0000000000000000        0x0 ls1x_logo.o
 .eh_frame      0x0000000000000000       0x3c ls1x_logo.o
 .text          0x0000000000000000        0x0 ls1x_latimer.o
 .data          0x0000000000000000        0x0 ls1x_latimer.o
 .bss           0x0000000000000000        0x0 ls1x_latimer.o
 .text.close_count
                0x0000000000000000       0x24 ls1x_latimer.o
 .text.delay_s  0x0000000000000000       0x3c ls1x_latimer.o
 .text.SetTime  0x0000000000000000       0x54 ls1x_latimer.o
 .text.CompareTime
                0x0000000000000000       0x50 ls1x_latimer.o
 .eh_frame      0x0000000000000000      0x19c ls1x_latimer.o
 .text          0x0000000000000000        0x0 ls1x_string.o
 .data          0x0000000000000000        0x0 ls1x_string.o
 .bss           0x0000000000000000        0x0 ls1x_string.o
 .text.memcmp   0x0000000000000000       0x88 ls1x_string.o
 .text.memcpy   0x0000000000000000       0x70 ls1x_string.o
 .text.memset   0x0000000000000000       0x60 ls1x_string.o
 .text.strstr_uint8
                0x0000000000000000       0xe0 ls1x_string.o
 .text.pstrstr  0x0000000000000000       0xc8 ls1x_string.o
 .text.strchr   0x0000000000000000       0x80 ls1x_string.o
 .text.atoi     0x0000000000000000       0xe4 ls1x_string.o
 .text.itoa     0x0000000000000000      0x17c ls1x_string.o
 .text.strcat   0x0000000000000000       0xa0 ls1x_string.o
 .text.strcmp   0x0000000000000000       0x84 ls1x_string.o
 .text.isContained
                0x0000000000000000       0x78 ls1x_string.o
 .text.strtok_r
                0x0000000000000000      0x1d4 ls1x_string.o
 .text.str_to_hex
                0x0000000000000000       0xf4 ls1x_string.o
 .text.atohex   0x0000000000000000      0x164 ls1x_string.o
 .eh_frame      0x0000000000000000      0x258 ls1x_string.o
 .text          0x0000000000000000        0x0 ls1x_flash.o
 .data          0x0000000000000000        0x0 ls1x_flash.o
 .bss           0x0000000000000000        0x0 ls1x_flash.o
 .text.FLASH_ErasePage
                0x0000000000000000       0x50 ls1x_flash.o
 .text.FLASH_EraseUserFlash
                0x0000000000000000       0x9c ls1x_flash.o
 .text.FLASH_ReadPage
                0x0000000000000000       0xa4 ls1x_flash.o
 .text.FLASH_WitePage
                0x0000000000000000      0x48c ls1x_flash.o
 .text.ls1c_flash_write2
                0x0000000000000000      0x17c ls1x_flash.o
 .text.ls1c_flash_write_data
                0x0000000000000000      0x144 ls1x_flash.o
 .text.FLASH_WaitForPeEnd
                0x0000000000000000       0x80 ls1x_flash.o
 .text.FLASH_GetStatus
                0x0000000000000000       0x34 ls1x_flash.o
 .text.FLASH_GetFlagStatus
                0x0000000000000000       0x4c ls1x_flash.o
 .text.FLASH_ITConfig
                0x0000000000000000       0x64 ls1x_flash.o
 .text.FLASH_ITCmd
                0x0000000000000000       0x68 ls1x_flash.o
 .text.FLASH_ClearIT
                0x0000000000000000       0x50 ls1x_flash.o
 .text.FLASH_WiteTest
                0x0000000000000000       0xa4 ls1x_flash.o
 .rodata        0x0000000000000000        0xa ls1x_flash.o
 .text.FLASH_ReadTest
                0x0000000000000000       0xc0 ls1x_flash.o
 .comment       0x0000000000000000       0x12 ls1x_flash.o
 .eh_frame      0x0000000000000000      0x21c ls1x_flash.o
 COMMON         0x0000000000000000        0x1 ls1x_flash.o
 .text          0x0000000000000000        0x0 ls1x_rtc.o
 .data          0x0000000000000000        0x0 ls1x_rtc.o
 .bss           0x0000000000000000        0x0 ls1x_rtc.o
 .text.Rtc_Read
                0x0000000000000000       0xec ls1x_rtc.o
 .text.Rtc_Write
                0x0000000000000000      0x16c ls1x_rtc.o
 .text.RtcUpdateData
                0x0000000000000000       0x4c ls1x_rtc.o
 .comment       0x0000000000000000       0x12 ls1x_rtc.o
 .eh_frame      0x0000000000000000       0x80 ls1x_rtc.o
 .text          0x0000000000000000        0x0 ls1x_exti.o
 .data          0x0000000000000000        0x0 ls1x_exti.o
 .bss           0x0000000000000000        0x0 ls1x_exti.o
 .text.EXTI_DeInit
                0x0000000000000000       0x40 ls1x_exti.o
 .text.EXTI_Init
                0x0000000000000000      0x188 ls1x_exti.o
 .text.EXTI_StructInit
                0x0000000000000000       0x44 ls1x_exti.o
 .text.EXTI_GetFlagStatus
                0x0000000000000000       0x50 ls1x_exti.o
 .text.EXTI_ClearFlag
                0x0000000000000000       0x3c ls1x_exti.o
 .text.EXTI_GetITStatus
                0x0000000000000000       0x70 ls1x_exti.o
 .eh_frame      0x0000000000000000       0xfc ls1x_exti.o
 .text          0x0000000000000000        0x0 ls1x_wdg.o
 .data          0x0000000000000000        0x0 ls1x_wdg.o
 .bss           0x0000000000000000        0x0 ls1x_wdg.o
 .eh_frame      0x0000000000000000       0xa4 ls1x_wdg.o
 .text          0x0000000000000000        0x0 ls1c102_i2c.o
 .data          0x0000000000000000        0x0 ls1c102_i2c.o
 .bss           0x0000000000000000        0x0 ls1c102_i2c.o
 .text.I2C_delay_my
                0x0000000000000000       0x3c ls1c102_i2c.o
 .text.I2C_Init
                0x0000000000000000      0x104 ls1c102_i2c.o
 .text.I2C_StructInit
                0x0000000000000000       0x5c ls1c102_i2c.o
 .text.I2C_ITConfig
                0x0000000000000000       0x6c ls1c102_i2c.o
 .text.I2C_ITCmd
                0x0000000000000000       0x90 ls1c102_i2c.o
 .text.I2C_GenerateSTART
                0x0000000000000000       0x7c ls1c102_i2c.o
 .text.I2C_GenerateSTOP
                0x0000000000000000       0x7c ls1c102_i2c.o
 .text.I2C_AcknowledgeConfig
                0x0000000000000000       0x6c ls1c102_i2c.o
 .text.I2C_SendData
                0x0000000000000000       0x50 ls1c102_i2c.o
 .text.I2C_ReceiveData
                0x0000000000000000       0x60 ls1c102_i2c.o
 .rodata        0x0000000000000000       0xaf ls1c102_i2c.o
 .text.I2C_Send7bitAddress
                0x0000000000000000       0xac ls1c102_i2c.o
 .text.I2C_ReadRegister
                0x0000000000000000       0x50 ls1c102_i2c.o
 .text.I2C_ClearFlag
                0x0000000000000000       0x48 ls1c102_i2c.o
 .text.I2C_GetStatus
                0x0000000000000000       0x5c ls1c102_i2c.o
 .text.I2C_ClearIT
                0x0000000000000000       0x50 ls1c102_i2c.o
 .text.I2C_wait
                0x0000000000000000       0x48 ls1c102_i2c.o
 .text.I2C_BUSY
                0x0000000000000000       0x48 ls1c102_i2c.o
 .text.I2C_Unlock
                0x0000000000000000       0x54 ls1c102_i2c.o
 .text.CAT24_Write
                0x0000000000000000      0x15c ls1c102_i2c.o
 .text.CAT24_Read
                0x0000000000000000      0x160 ls1c102_i2c.o
 .text.CAT24_Write_Int
                0x0000000000000000      0x140 ls1c102_i2c.o
 .text.CAT24_Read_Int
                0x0000000000000000      0x16c ls1c102_i2c.o
 .comment       0x0000000000000000       0x12 ls1c102_i2c.o
 .eh_frame      0x0000000000000000      0x338 ls1c102_i2c.o
 COMMON         0x0000000000000000        0x1 ls1c102_i2c.o
 .text          0x0000000000000000        0x0 ls1c102_vpwm.o
 .data          0x0000000000000000        0x0 ls1c102_vpwm.o
 .bss           0x0000000000000000        0x0 ls1c102_vpwm.o
 .comment       0x0000000000000000       0x12 ls1c102_vpwm.o
 .text          0x0000000000000000        0x0 ls1c102_adc.o
 .data          0x0000000000000000        0x0 ls1c102_adc.o
 .bss           0x0000000000000000        0x0 ls1c102_adc.o
 .text.Adc_powerOn
                0x0000000000000000       0x54 ls1c102_adc.o
 .text.Adc_powerOff
                0x0000000000000000       0x50 ls1c102_adc.o
 .text.Adc_open
                0x0000000000000000       0xb0 ls1c102_adc.o
 .text.Adc_close
                0x0000000000000000       0xe4 ls1c102_adc.o
 .text.Adc_openGroup
                0x0000000000000000       0xa0 ls1c102_adc.o
 .text.Adc_closeGroup
                0x0000000000000000       0xd4 ls1c102_adc.o
 .text.Adc_singleMeasure
                0x0000000000000000       0x90 ls1c102_adc.o
 .text.Adc_Measure
                0x0000000000000000       0xdc ls1c102_adc.o
 .text.Adc_getVoltage
                0x0000000000000000       0x68 ls1c102_adc.o
 .comment       0x0000000000000000       0x12 ls1c102_adc.o
 .eh_frame      0x0000000000000000      0x170 ls1c102_adc.o
 .text          0x0000000000000000        0x0 ls1c102_touch.o
 .data          0x0000000000000000        0x0 ls1c102_touch.o
 .bss           0x0000000000000000        0x0 ls1c102_touch.o
 .text.Touch_CountBaseInit
                0x0000000000000000       0x90 ls1c102_touch.o
 .text.Touch_PerformInit
                0x0000000000000000       0x88 ls1c102_touch.o
 .text.Touch_ControlConfig
                0x0000000000000000       0xc8 ls1c102_touch.o
 .text.TOUCH_Cmd
                0x0000000000000000       0x68 ls1c102_touch.o
 .text.TOUCH_EnablePollScan
                0x0000000000000000       0x30 ls1c102_touch.o
 .text.TOUCH_disablePollScan
                0x0000000000000000       0x34 ls1c102_touch.o
 .text.TOUCH_EnableSingleScan
                0x0000000000000000       0x30 ls1c102_touch.o
 .text.TOUCH_GetDownTh
                0x0000000000000000       0x48 ls1c102_touch.o
 .text.TOUCH_SetDownTh
                0x0000000000000000       0x7c ls1c102_touch.o
 .text.TOUCH_SetBaseVal
                0x0000000000000000       0x7c ls1c102_touch.o
 .text.TOUCH_SetChnAttr
                0x0000000000000000       0x7c ls1c102_touch.o
 .text.TOUCH_SetAllChnAttr
                0x0000000000000000       0x64 ls1c102_touch.o
 .text.TOUCH_SetAllChnAttr2
                0x0000000000000000       0x90 ls1c102_touch.o
 .text.TOUCH_Init
                0x0000000000000000       0xfc ls1c102_touch.o
 .eh_frame      0x0000000000000000      0x2bc ls1c102_touch.o
 .text          0x0000000000000000        0x0 ls1c102_ptimer.o
 .data          0x0000000000000000        0x0 ls1c102_ptimer.o
 .bss           0x0000000000000000        0x0 ls1c102_ptimer.o
 .text.TIM_Init
                0x0000000000000000       0xd8 ls1c102_ptimer.o
 .text.TIM_StructInit
                0x0000000000000000       0x7c ls1c102_ptimer.o
 .text.TIM_Cmd  0x0000000000000000       0x54 ls1c102_ptimer.o
 .text.TIM_ITConfig
                0x0000000000000000       0x90 ls1c102_ptimer.o
 .text.TIM_GetCounter
                0x0000000000000000       0x34 ls1c102_ptimer.o
 .text.TIM_SetCounter
                0x0000000000000000       0x30 ls1c102_ptimer.o
 .text.TIM_SetCompare
                0x0000000000000000       0x30 ls1c102_ptimer.o
 .text.TIM_GetCompare
                0x0000000000000000       0x34 ls1c102_ptimer.o
 .eh_frame      0x0000000000000000      0x168 ls1c102_ptimer.o
 .text          0x0000000000000000        0x0 1c102_cmdline.o
 .data          0x0000000000000000        0x0 1c102_cmdline.o
 .bss           0x0000000000000000        0x0 1c102_cmdline.o
 .rodata        0x0000000000000000      0x3a8 1c102_cmdline.o
 .data.cmd      0x0000000000000000      0x1f0 1c102_cmdline.o
 .text.do_exit  0x0000000000000000       0x28 1c102_cmdline.o
 .text.do_help  0x0000000000000000      0x208 1c102_cmdline.o
 .text.cmdline  0x0000000000000000      0xdbc 1c102_cmdline.o
 .comment       0x0000000000000000       0x12 1c102_cmdline.o
 .eh_frame      0x0000000000000000       0x84 1c102_cmdline.o
 COMMON         0x0000000000000000        0x4 1c102_cmdline.o
 .text          0x0000000000000000        0x0 1c102_cmd.o
 .data          0x0000000000000000        0x0 1c102_cmd.o
 .bss           0x0000000000000000        0x0 1c102_cmd.o
 .text.do_nothing
                0x0000000000000000       0x20 1c102_cmd.o
 .rodata        0x0000000000000000      0x875 1c102_cmd.o
 .text.do_d1    0x0000000000000000      0x114 1c102_cmd.o
 .text.do_d4    0x0000000000000000      0x120 1c102_cmd.o
 .text.do_m1    0x0000000000000000       0x90 1c102_cmd.o
 .text.do_m4    0x0000000000000000       0x8c 1c102_cmd.o
 .text.str2num  0x0000000000000000      0x214 1c102_cmd.o
 .text.v_play   0x0000000000000000       0x68 1c102_cmd.o
 .text.touch_reg_show
                0x0000000000000000      0x100 1c102_cmd.o
 .text.touch_value_show
                0x0000000000000000       0xd4 1c102_cmd.o
 .text.touch_test
                0x0000000000000000      0x274 1c102_cmd.o
 .text.hpet     0x0000000000000000       0xcc 1c102_cmd.o
 .text.latimer  0x0000000000000000       0x94 1c102_cmd.o
 .text.delay    0x0000000000000000      0x104 1c102_cmd.o
 .text.wakeup   0x0000000000000000       0x90 1c102_cmd.o
 .text.a_to_n   0x0000000000000000       0x60 1c102_cmd.o
 .text.date     0x0000000000000000      0x48c 1c102_cmd.o
 .text.watch_dog
                0x0000000000000000       0x84 1c102_cmd.o
 .text.i2cp     0x0000000000000000       0x4c 1c102_cmd.o
 .text.i2cw     0x0000000000000000      0x10c 1c102_cmd.o
 .text.i2cr     0x0000000000000000       0xe0 1c102_cmd.o
 .text.adc      0x0000000000000000      0x1a4 1c102_cmd.o
 .text.readadc  0x0000000000000000       0xf4 1c102_cmd.o
 .text.batdet   0x0000000000000000      0x170 1c102_cmd.o
 .text.copy     0x0000000000000000      0x190 1c102_cmd.o
 .text.uart_init
                0x0000000000000000       0xac 1c102_cmd.o
 .text.sleep    0x0000000000000000       0xa4 1c102_cmd.o
 .text.spi_init
                0x0000000000000000       0x68 1c102_cmd.o
 .text.spi_write
                0x0000000000000000      0x134 1c102_cmd.o
 .text.spi_read
                0x0000000000000000      0x174 1c102_cmd.o
 .text.spi_erase
                0x0000000000000000       0x90 1c102_cmd.o
 .text.spi_flash
                0x0000000000000000      0x258 1c102_cmd.o
 .text.gpio_int_test
                0x0000000000000000       0x9c 1c102_cmd.o
 .text.gpio_int
                0x0000000000000000       0x34 1c102_cmd.o
 .text.tmp      0x0000000000000000       0x50 1c102_cmd.o
 .text.m4_flash
                0x0000000000000000       0xb4 1c102_cmd.o
 .text.copy_iram
                0x0000000000000000      0x138 1c102_cmd.o
 .comment       0x0000000000000000       0x12 1c102_cmd.o
 .eh_frame      0x0000000000000000      0x5a4 1c102_cmd.o
 .text          0x0000000000000000        0x0 1c102_Interrupt.o
 .data          0x0000000000000000        0x0 1c102_Interrupt.o
 .bss           0x0000000000000000        0x0 1c102_Interrupt.o
 .text.SOFT_INT
                0x0000000000000000       0x34 1c102_Interrupt.o
 .text.TIMER_8M_INT
                0x0000000000000000       0x44 1c102_Interrupt.o
 .text.INTC     0x0000000000000000       0x1c 1c102_Interrupt.o
 .text.RING     0x0000000000000000       0x1c 1c102_Interrupt.o
 .eh_frame      0x0000000000000000      0x624 1c102_Interrupt.o
 COMMON         0x0000000000000000       0x80 1c102_Interrupt.o
 .text          0x0000000000000000        0x0 iic.o
 .data          0x0000000000000000        0x0 iic.o
 .bss           0x0000000000000000        0x0 iic.o
 .text.IIC_Ack  0x0000000000000000       0x60 iic.o
 .text.IIC_NAck
                0x0000000000000000       0x60 iic.o
 .text.IIC_Read_Byte
                0x0000000000000000       0xb4 iic.o
 .eh_frame      0x0000000000000000      0x1bc iic.o
 .text          0x0000000000000000        0x0 dht11.o
 .data          0x0000000000000000        0x0 dht11.o
 .bss           0x0000000000000000        0x0 dht11.o
 .eh_frame      0x0000000000000000      0x148 dht11.o
 .text          0x0000000000000000        0x0 led.o
 .data          0x0000000000000000        0x0 led.o
 .bss           0x0000000000000000        0x0 led.o
 .text.LED_Toggle
                0x0000000000000000       0x4c led.o
 .eh_frame      0x0000000000000000       0xa8 led.o
 .text          0x0000000000000000        0x0 key.o
 .data          0x0000000000000000        0x0 key.o
 .bss           0x0000000000000000        0x0 key.o
 .eh_frame      0x0000000000000000       0x60 key.o
 .text          0x0000000000000000        0x0 oled.o
 .data          0x0000000000000000        0x0 oled.o
 .bss           0x0000000000000000        0x0 oled.o
 .text.OLED_Display_On
                0x0000000000000000       0x48 oled.o
 .text.OLED_Display_Off
                0x0000000000000000       0x48 oled.o
 .text.OLED_Draw
                0x0000000000000000       0xa8 oled.o
 .text.OLED_DrawBMP
                0x0000000000000000      0x10c oled.o
 .text.OLED_ShowString
                0x0000000000000000      0x12c oled.o
 .eh_frame      0x0000000000000000      0x260 oled.o
 .text          0x0000000000000000        0x0 bh1750.o
 .data          0x0000000000000000        0x0 bh1750.o
 .bss           0x0000000000000000        0x0 bh1750.o
 .eh_frame      0x0000000000000000      0x13c bh1750.o
 .text          0x0000000000000000        0x0 my_iic.o
 .data          0x0000000000000000        0x0 my_iic.o
 .bss           0x0000000000000000        0x0 my_iic.o
 .text.MY_IIC_Delay
                0x0000000000000000       0x1c my_iic.o
 .text.MY_IIC_Master_Transmit
                0x0000000000000000       0x90 my_iic.o
 .text.MY_IIC_Master_Receive
                0x0000000000000000       0xe0 my_iic.o
 .eh_frame      0x0000000000000000      0x20c my_iic.o
 .text          0x0000000000000000        0x0 1c102_main.o
 .data          0x0000000000000000        0x0 1c102_main.o
 .bss           0x0000000000000000        0x0 1c102_main.o
 .eh_frame      0x0000000000000000       0x5c 1c102_main.o

Memory Configuration

Name             Origin             Length             Attributes
flash            0x000000001c000000 0x0000000000020000 xr
IRAM             0x0000000080000000 0x0000000000001000 rw
DRAM             0x0000000080001000 0x0000000000001000 rw
*default*        0x0000000000000000 0xffffffffffffffff

Linker script and memory map


.text           0x000000001c000000     0x70b4
                0x000000001c000000                . = ALIGN (0x4)
 *(.text .text.*)
 .text._start   0x000000001c000000     0x1128 start.o
                0x000000001c000000                _start
                0x000000001c0000ac                cpu_wait
                0x000000001c000800                m4_flash_4k
 .text          0x000000001c001128       0xbc serial.o
                0x000000001c001128                serial_out
                0x000000001c001144                outputaddr
                0x000000001c0011a4                outputstring
 .text          0x000000001c0011e4      0x148 wakeup.o
                0x000000001c0011e4                cpu_sleep
                0x000000001c00128c                wakeup_reset
 .text.GPIOInit
                0x000000001c00132c       0x98 UserGpio.o
                0x000000001c00132c                GPIOInit
 .text.bsp_init
                0x000000001c0013c4       0xfc init.o
                0x000000001c0013c4                bsp_init
 .text.AFIO_RemapConfig
                0x000000001c0014c0       0xcc ls1x_gpio.o
                0x000000001c0014c0                AFIO_RemapConfig
 .text.gpio_get_pin
                0x000000001c00158c       0x50 ls1x_gpio.o
                0x000000001c00158c                gpio_get_pin
 .text.gpio_write_pin
                0x000000001c0015dc       0x78 ls1x_gpio.o
                0x000000001c0015dc                gpio_write_pin
 .text.gpio_pin_remap
                0x000000001c001654      0x20c ls1x_gpio.o
                0x000000001c001654                gpio_pin_remap
 .text.gpio_set_direction
                0x000000001c001860      0x128 ls1x_gpio.o
                0x000000001c001860                gpio_set_direction
 .text.myputchar
                0x000000001c001988       0x3c ls1x_printf.o
                0x000000001c001988                myputchar
 .text.printbase
                0x000000001c0019c4      0x160 ls1x_printf.o
                0x000000001c0019c4                printbase
 .text.puts     0x000000001c001b24       0x70 ls1x_printf.o
                0x000000001c001b24                puts
 .text.myprintf
                0x000000001c001b94      0x3a4 ls1x_printf.o
                0x000000001c001b94                myprintf
 .text.vsputs   0x000000001c001f38       0x54 ls1x_printf.o
                0x000000001c001f38                vsputs
 .text.vsputchar
                0x000000001c001f8c       0x44 ls1x_printf.o
                0x000000001c001f8c                vsputchar
 .text.vsprintbase
                0x000000001c001fd0      0x17c ls1x_printf.o
                0x000000001c001fd0                vsprintbase
 .text.vsprintf
                0x000000001c00214c      0x3d8 ls1x_printf.o
                0x000000001c00214c                vsprintf
 .text.sprintf  0x000000001c002524       0x6c ls1x_printf.o
                0x000000001c002524                sprintf
 .text.UART_Init
                0x000000001c002590      0x2fc ls1x_uart.o
                0x000000001c002590                UART_Init
 .text.UART_StructInit
                0x000000001c00288c       0x7c ls1x_uart.o
                0x000000001c00288c                UART_StructInit
 .text.UART_ITConfig
                0x000000001c002908       0x88 ls1x_uart.o
                0x000000001c002908                UART_ITConfig
 .text.UART_SendData
                0x000000001c002990       0x4c ls1x_uart.o
                0x000000001c002990                UART_SendData
 .text.Uart1_init
                0x000000001c0029dc       0x84 ls1x_uart.o
                0x000000001c0029dc                Uart1_init
 .text.CLOCK_WaitForHSEStartUp
                0x000000001c002a60       0x9c ls1x_clock.o
                0x000000001c002a60                CLOCK_WaitForHSEStartUp
 .text.CLOCK_WaitForLSEStartUp
                0x000000001c002afc       0xe4 ls1x_clock.o
                0x000000001c002afc                CLOCK_WaitForLSEStartUp
 .text.CLOCK_HSEConfig
                0x000000001c002be0       0xb4 ls1x_clock.o
                0x000000001c002be0                CLOCK_HSEConfig
 .text.CLOCK_LSEConfig
                0x000000001c002c94       0x68 ls1x_clock.o
                0x000000001c002c94                CLOCK_LSEConfig
 .text.CLOCK_StructInit
                0x000000001c002cfc       0x64 ls1x_clock.o
                0x000000001c002cfc                CLOCK_StructInit
 .text.CLOCK_Init
                0x000000001c002d60      0x23c ls1x_clock.o
                0x000000001c002d60                CLOCK_Init
 .text.SystemClockInit
                0x000000001c002f9c       0x98 ls1x_clock.o
                0x000000001c002f9c                SystemClockInit
 .text.DisableInt
                0x000000001c003034       0x24 ls1x_common.o
                0x000000001c003034                DisableInt
 .text.EnableInt
                0x000000001c003058       0x24 ls1x_common.o
                0x000000001c003058                EnableInt
 .text.Set_Timer_stop
                0x000000001c00307c       0x20 ls1x_common.o
                0x000000001c00307c                Set_Timer_stop
 .text.Set_Timer_clear
                0x000000001c00309c       0x24 ls1x_common.o
                0x000000001c00309c                Set_Timer_clear
 .text.Wake_Set
                0x000000001c0030c0       0xac ls1x_common.o
                0x000000001c0030c0                Wake_Set
 .text.PMU_GetRstRrc
                0x000000001c00316c       0x6c ls1x_pmu.o
                0x000000001c00316c                PMU_GetRstRrc
 .text.PMU_GetBootSpiStatus
                0x000000001c0031d8       0x50 ls1x_pmu.o
                0x000000001c0031d8                PMU_GetBootSpiStatus
 .text.ls1x_logo
                0x000000001c003228       0x9c ls1x_logo.o
                0x000000001c003228                ls1x_logo
 .text.get_count
                0x000000001c0032c4       0x2c ls1x_latimer.o
                0x000000001c0032c4                get_count
 .text.open_count
                0x000000001c0032f0       0x24 ls1x_latimer.o
                0x000000001c0032f0                open_count
 .text.start_count
                0x000000001c003314       0x48 ls1x_latimer.o
                0x000000001c003314                start_count
 .text.stop_count
                0x000000001c00335c       0x88 ls1x_latimer.o
                0x000000001c00335c                stop_count
 .text.delay_cycle
                0x000000001c0033e4       0x60 ls1x_latimer.o
                0x000000001c0033e4                delay_cycle
 .text.delay_us
                0x000000001c003444       0x38 ls1x_latimer.o
                0x000000001c003444                delay_us
 .text.delay_ms
                0x000000001c00347c       0x40 ls1x_latimer.o
                0x000000001c00347c                delay_ms
 .text.strcpy   0x000000001c0034bc       0x5c ls1x_string.o
                0x000000001c0034bc                strcpy
 .text.strlen   0x000000001c003518       0x4c ls1x_string.o
                0x000000001c003518                strlen
 .text.EXTI_ClearITPendingBit
                0x000000001c003564       0x3c ls1x_exti.o
                0x000000001c003564                EXTI_ClearITPendingBit
 .text.WDG_getOddValue
                0x000000001c0035a0       0x88 ls1x_wdg.o
 .text.WDG_SetWatchDog
                0x000000001c003628       0x8c ls1x_wdg.o
                0x000000001c003628                WDG_SetWatchDog
 .text.WDG_DogFeed
                0x000000001c0036b4       0x2c ls1x_wdg.o
                0x000000001c0036b4                WDG_DogFeed
 .text.WdgInit  0x000000001c0036e0       0x30 ls1x_wdg.o
                0x000000001c0036e0                WdgInit
 .text.TOUCH_GetBaseVal
                0x000000001c003710       0x4c ls1c102_touch.o
                0x000000001c003710                TOUCH_GetBaseVal
 .text.TOUCH_GetCountValue
                0x000000001c00375c       0x4c ls1c102_touch.o
                0x000000001c00375c                TOUCH_GetCountValue
 .text.Printf_KeyChannel
                0x000000001c0037a8       0x7c ls1c102_touch.o
                0x000000001c0037a8                Printf_KeyChannel
 .text.Printf_KeyType
                0x000000001c003824       0x8c ls1c102_touch.o
                0x000000001c003824                Printf_KeyType
 .text.Printf_KeyVal
                0x000000001c0038b0      0x254 ls1c102_touch.o
                0x000000001c0038b0                Printf_KeyVal
 .text.TIM_GetITStatus
                0x000000001c003b04       0x4c ls1c102_ptimer.o
                0x000000001c003b04                TIM_GetITStatus
 .text.TIM_ClearIT
                0x000000001c003b50       0x5c ls1c102_ptimer.o
                0x000000001c003b50                TIM_ClearIT
 .text.exti_gpioa0_irq_handler
                0x000000001c003bac       0x4c 1c102_Interrupt.o
                0x000000001c003bac                exti_gpioa0_irq_handler
 .text.exti_gpioa1_irq_handler
                0x000000001c003bf8       0x4c 1c102_Interrupt.o
                0x000000001c003bf8                exti_gpioa1_irq_handler
 .text.exti_gpioa2_irq_handler
                0x000000001c003c44       0x4c 1c102_Interrupt.o
                0x000000001c003c44                exti_gpioa2_irq_handler
 .text.exti_gpioa3_irq_handler
                0x000000001c003c90       0x4c 1c102_Interrupt.o
                0x000000001c003c90                exti_gpioa3_irq_handler
 .text.exti_gpioa4_irq_handler
                0x000000001c003cdc       0x4c 1c102_Interrupt.o
                0x000000001c003cdc                exti_gpioa4_irq_handler
 .text.exti_gpioa5_irq_handler
                0x000000001c003d28       0x4c 1c102_Interrupt.o
                0x000000001c003d28                exti_gpioa5_irq_handler
 .text.exti_gpioa6_irq_handler
                0x000000001c003d74       0x4c 1c102_Interrupt.o
                0x000000001c003d74                exti_gpioa6_irq_handler
 .text.exti_gpioa7_irq_handler
                0x000000001c003dc0       0x4c 1c102_Interrupt.o
                0x000000001c003dc0                exti_gpioa7_irq_handler
 .text.exti_gpiob0_irq_handler
                0x000000001c003e0c       0x4c 1c102_Interrupt.o
                0x000000001c003e0c                exti_gpiob0_irq_handler
 .text.exti_gpiob1_irq_handler
                0x000000001c003e58       0x4c 1c102_Interrupt.o
                0x000000001c003e58                exti_gpiob1_irq_handler
 .text.exti_gpiob2_irq_handler
                0x000000001c003ea4       0x4c 1c102_Interrupt.o
                0x000000001c003ea4                exti_gpiob2_irq_handler
 .text.exti_gpiob3_irq_handler
                0x000000001c003ef0       0x4c 1c102_Interrupt.o
                0x000000001c003ef0                exti_gpiob3_irq_handler
 .text.exti_gpiob4_irq_handler
                0x000000001c003f3c       0x4c 1c102_Interrupt.o
                0x000000001c003f3c                exti_gpiob4_irq_handler
 .text.exti_gpiob5_irq_handler
                0x000000001c003f88       0x4c 1c102_Interrupt.o
                0x000000001c003f88                exti_gpiob5_irq_handler
 .text.exti_gpiob6_irq_handler
                0x000000001c003fd4       0x4c 1c102_Interrupt.o
                0x000000001c003fd4                exti_gpiob6_irq_handler
 .text.exti_gpiob7_irq_handler
                0x000000001c004020       0x4c 1c102_Interrupt.o
                0x000000001c004020                exti_gpiob7_irq_handler
 .text.exti_gpioc0_irq_handler
                0x000000001c00406c       0x4c 1c102_Interrupt.o
                0x000000001c00406c                exti_gpioc0_irq_handler
 .text.exti_gpioc1_irq_handler
                0x000000001c0040b8       0x4c 1c102_Interrupt.o
                0x000000001c0040b8                exti_gpioc1_irq_handler
 .text.exti_gpioc2_irq_handler
                0x000000001c004104       0x4c 1c102_Interrupt.o
                0x000000001c004104                exti_gpioc2_irq_handler
 .text.exti_gpioc3_irq_handler
                0x000000001c004150       0x4c 1c102_Interrupt.o
                0x000000001c004150                exti_gpioc3_irq_handler
 .text.exti_gpioc4_irq_handler
                0x000000001c00419c       0x4c 1c102_Interrupt.o
                0x000000001c00419c                exti_gpioc4_irq_handler
 .text.exti_gpioc5_irq_handler
                0x000000001c0041e8       0x4c 1c102_Interrupt.o
                0x000000001c0041e8                exti_gpioc5_irq_handler
 .text.exti_gpioc6_irq_handler
                0x000000001c004234       0x4c 1c102_Interrupt.o
                0x000000001c004234                exti_gpioc6_irq_handler
 .text.exti_gpioc7_irq_handler
                0x000000001c004280       0x4c 1c102_Interrupt.o
                0x000000001c004280                exti_gpioc7_irq_handler
 .text.exti_gpiod0_irq_handler
                0x000000001c0042cc       0x4c 1c102_Interrupt.o
                0x000000001c0042cc                exti_gpiod0_irq_handler
 .text.exti_gpiod1_irq_handler
                0x000000001c004318       0x4c 1c102_Interrupt.o
                0x000000001c004318                exti_gpiod1_irq_handler
 .text.exti_gpiod2_irq_handler
                0x000000001c004364       0x4c 1c102_Interrupt.o
                0x000000001c004364                exti_gpiod2_irq_handler
 .text.exti_gpiod3_irq_handler
                0x000000001c0043b0       0x4c 1c102_Interrupt.o
                0x000000001c0043b0                exti_gpiod3_irq_handler
 .text.exti_gpiod4_irq_handler
                0x000000001c0043fc       0x4c 1c102_Interrupt.o
                0x000000001c0043fc                exti_gpiod4_irq_handler
 .text.exti_gpiod5_irq_handler
                0x000000001c004448       0x4c 1c102_Interrupt.o
                0x000000001c004448                exti_gpiod5_irq_handler
 .text.exti_gpiod6_irq_handler
                0x000000001c004494       0x4c 1c102_Interrupt.o
                0x000000001c004494                exti_gpiod6_irq_handler
 .text.exti_gpiod7_irq_handler
                0x000000001c0044e0       0x4c 1c102_Interrupt.o
                0x000000001c0044e0                exti_gpiod7_irq_handler
 .text.ext_handler
                0x000000001c00452c       0xb8 1c102_Interrupt.o
                0x000000001c00452c                ext_handler
 .text.TIMER_WAKE_INT
                0x000000001c0045e4       0x50 1c102_Interrupt.o
                0x000000001c0045e4                TIMER_WAKE_INT
 .text.TOUCH    0x000000001c004634       0x94 1c102_Interrupt.o
                0x000000001c004634                TOUCH
 .text.UART2_INT
                0x000000001c0046c8       0x3c 1c102_Interrupt.o
                0x000000001c0046c8                UART2_INT
 .text.BAT_FAIL
                0x000000001c004704       0xd8 1c102_Interrupt.o
                0x000000001c004704                BAT_FAIL
 .text.intc_handler
                0x000000001c0047dc       0xac 1c102_Interrupt.o
                0x000000001c0047dc                intc_handler
 .text.TIMER_HANDLER
                0x000000001c004888       0x38 1c102_Interrupt.o
                0x000000001c004888                TIMER_HANDLER
 .text.IIC_Delay
                0x000000001c0048c0       0x3c iic.o
                0x000000001c0048c0                IIC_Delay
 .text.IIC_Init
                0x000000001c0048fc       0x6c iic.o
                0x000000001c0048fc                IIC_Init
 .text.SDA_IN   0x000000001c004968       0x30 iic.o
                0x000000001c004968                SDA_IN
 .text.SDA_OUT  0x000000001c004998       0x3c iic.o
                0x000000001c004998                SDA_OUT
 .text.IIC_Start
                0x000000001c0049d4       0x60 iic.o
                0x000000001c0049d4                IIC_Start
 .text.IIC_Stop
                0x000000001c004a34       0x60 iic.o
                0x000000001c004a34                IIC_Stop
 .text.IIC_Wait_Ack
                0x000000001c004a94       0x94 iic.o
                0x000000001c004a94                IIC_Wait_Ack
 .text.IIC_Send_Byte
                0x000000001c004b28       0xac iic.o
                0x000000001c004b28                IIC_Send_Byte
 .text.DHT11_Rst
                0x000000001c004bd4       0x50 dht11.o
                0x000000001c004bd4                DHT11_Rst
 .text.DHT11_IO_In
                0x000000001c004c24       0x30 dht11.o
                0x000000001c004c24                DHT11_IO_In
 .text.DHT11_IO_Out
                0x000000001c004c54       0x30 dht11.o
                0x000000001c004c54                DHT11_IO_Out
 .text.DHT11_Check
                0x000000001c004c84       0xb4 dht11.o
                0x000000001c004c84                DHT11_Check
 .text.DHT11_Read_Bit
                0x000000001c004d38       0xa8 dht11.o
                0x000000001c004d38                DHT11_Read_Bit
 .text.DHT11_Read_Byte
                0x000000001c004de0       0x70 dht11.o
                0x000000001c004de0                DHT11_Read_Byte
 .text.DHT11_Read_Data
                0x000000001c004e50      0x10c dht11.o
                0x000000001c004e50                DHT11_Read_Data
 .text.DHT11_Init
                0x000000001c004f5c       0x40 dht11.o
                0x000000001c004f5c                DHT11_Init
 .text.LED_Init
                0x000000001c004f9c       0x5c led.o
                0x000000001c004f9c                LED_Init
 .text.LED_On   0x000000001c004ff8       0x3c led.o
                0x000000001c004ff8                LED_On
 .text.LED_Off  0x000000001c005034       0x3c led.o
                0x000000001c005034                LED_Off
 .text.KEY_init
                0x000000001c005070       0x54 key.o
                0x000000001c005070                KEY_init
 .text.KEY_Check
                0x000000001c0050c4       0xe8 key.o
                0x000000001c0050c4                KEY_Check
 .text.OLED_Hardware_Init
                0x000000001c0051ac       0x28 oled.o
                0x000000001c0051ac                OLED_Hardware_Init
 .text.OLED_WR_Byte
                0x000000001c0051d4       0x6c oled.o
                0x000000001c0051d4                OLED_WR_Byte
 .text.OLED_Set_Pos
                0x000000001c005240       0x88 oled.o
                0x000000001c005240                OLED_Set_Pos
 .text.OLED_Clear
                0x000000001c0052c8       0x9c oled.o
                0x000000001c0052c8                OLED_Clear
 .text.OLED_Init
                0x000000001c005364      0x1c4 oled.o
                0x000000001c005364                OLED_Init
 .text.OLED_ShowChar
                0x000000001c005528      0x128 oled.o
                0x000000001c005528                OLED_ShowChar
 .text.OLED_ShowInt32Num
                0x000000001c005650      0x130 oled.o
                0x000000001c005650                OLED_ShowInt32Num
 .text.OLED_DrawFont16
                0x000000001c005780      0x19c oled.o
                0x000000001c005780                OLED_DrawFont16
 .text.OLED_DrawFont32
                0x000000001c00591c      0x1a4 oled.o
                0x000000001c00591c                OLED_DrawFont32
 .text.OLED_Show_Str
                0x000000001c005ac0      0x270 oled.o
                0x000000001c005ac0                OLED_Show_Str
 .text.Cmd_Write_BH1750
                0x000000001c005d30       0x70 bh1750.o
                0x000000001c005d30                Cmd_Write_BH1750
 .text.Start_BH1750
                0x000000001c005da0       0x3c bh1750.o
                0x000000001c005da0                Start_BH1750
 .text.Read_BH1750
                0x000000001c005ddc       0x84 bh1750.o
                0x000000001c005ddc                Read_BH1750
 .text.Convert_BH1750
                0x000000001c005e60       0xc0 bh1750.o
                0x000000001c005e60                Convert_BH1750
 .text.BH1750_Hardware_Init
                0x000000001c005f20       0x28 bh1750.o
                0x000000001c005f20                BH1750_Hardware_Init
 .text.BH1750_Software_Init
                0x000000001c005f48       0x1c bh1750.o
                0x000000001c005f48                BH1750_Software_Init
 .text.BH1750_Init
                0x000000001c005f64       0x2c bh1750.o
                0x000000001c005f64                BH1750_Init
 .text.BH1750_Test
                0x000000001c005f90       0x74 bh1750.o
                0x000000001c005f90                BH1750_Test
 .text.MY_IIC_Init
                0x000000001c006004       0x6c my_iic.o
                0x000000001c006004                MY_IIC_Init
 .text.MY_SDA_IN
                0x000000001c006070       0x30 my_iic.o
                0x000000001c006070                MY_SDA_IN
 .text.MY_SDA_OUT
                0x000000001c0060a0       0x3c my_iic.o
                0x000000001c0060a0                MY_SDA_OUT
 .text.MY_IIC_Start
                0x000000001c0060dc       0x60 my_iic.o
                0x000000001c0060dc                MY_IIC_Start
 .text.MY_IIC_Stop
                0x000000001c00613c       0x60 my_iic.o
                0x000000001c00613c                MY_IIC_Stop
 .text.MY_IIC_Wait_Ack
                0x000000001c00619c       0x8c my_iic.o
                0x000000001c00619c                MY_IIC_Wait_Ack
 .text.MY_IIC_Ack
                0x000000001c006228       0x60 my_iic.o
                0x000000001c006228                MY_IIC_Ack
 .text.MY_IIC_NAck
                0x000000001c006288       0x60 my_iic.o
                0x000000001c006288                MY_IIC_NAck
 .text.MY_IIC_Send_Byte
                0x000000001c0062e8       0xb0 my_iic.o
                0x000000001c0062e8                MY_IIC_Send_Byte
 .text.MY_IIC_Read_Byte
                0x000000001c006398       0xb4 my_iic.o
                0x000000001c006398                MY_IIC_Read_Byte
 .text.main     0x000000001c00644c      0xb20 1c102_main.o
                0x000000001c00644c                main
 .text.KEY_CONTROL
                0x000000001c006f6c      0x148 1c102_main.o
                0x000000001c006f6c                KEY_CONTROL
                0x000000001c0070b4                . = ALIGN (0x4)
                0x000000001c0070b4                _etext = .

.rodata         0x000000001c0070c0     0x16dc
                0x000000001c0070c0                . = ALIGN (0x4)
 *(.rodata .rodata.*)
 .rodata        0x000000001c0070c0       0x1a serial.o
                0x000000001c0070c0                msg_wakeup
 *fill*         0x000000001c0070da        0x2 
 .rodata        0x000000001c0070dc       0x38 init.o
 .rodata.myprintf
                0x000000001c007114      0x150 ls1x_printf.o
 .rodata.vsprintf
                0x000000001c007264      0x150 ls1x_printf.o
 .rodata        0x000000001c0073b4      0x387 ls1x_logo.o
 *fill*         0x000000001c00773b        0x1 
 .rodata        0x000000001c00773c       0x8d ls1c102_touch.o
 *fill*         0x000000001c0077c9        0x3 
 .rodata        0x000000001c0077cc       0xd7 1c102_Interrupt.o
 *fill*         0x000000001c0078a3        0x1 
 .rodata.Ext_IrqHandle
                0x000000001c0078a4       0x80 1c102_Interrupt.o
                0x000000001c0078a4                Ext_IrqHandle
 .rodata.BAT_FAIL
                0x000000001c007924       0x44 1c102_Interrupt.o
 .rodata.__FUNCTION__.1552
                0x000000001c007968       0x18 1c102_Interrupt.o
 .rodata.__FUNCTION__.1556
                0x000000001c007980       0x18 1c102_Interrupt.o
 .rodata.__FUNCTION__.1560
                0x000000001c007998       0x18 1c102_Interrupt.o
 .rodata.__FUNCTION__.1564
                0x000000001c0079b0       0x18 1c102_Interrupt.o
 .rodata.__FUNCTION__.1568
                0x000000001c0079c8       0x18 1c102_Interrupt.o
 .rodata.__FUNCTION__.1572
                0x000000001c0079e0       0x18 1c102_Interrupt.o
 .rodata.__FUNCTION__.1576
                0x000000001c0079f8       0x18 1c102_Interrupt.o
 .rodata.__FUNCTION__.1580
                0x000000001c007a10       0x18 1c102_Interrupt.o
 .rodata.__FUNCTION__.1584
                0x000000001c007a28       0x18 1c102_Interrupt.o
 .rodata.__FUNCTION__.1588
                0x000000001c007a40       0x18 1c102_Interrupt.o
 .rodata.__FUNCTION__.1592
                0x000000001c007a58       0x18 1c102_Interrupt.o
 .rodata.__FUNCTION__.1596
                0x000000001c007a70       0x18 1c102_Interrupt.o
 .rodata.__FUNCTION__.1600
                0x000000001c007a88       0x18 1c102_Interrupt.o
 .rodata.__FUNCTION__.1604
                0x000000001c007aa0       0x18 1c102_Interrupt.o
 .rodata.__FUNCTION__.1608
                0x000000001c007ab8       0x18 1c102_Interrupt.o
 .rodata.__FUNCTION__.1612
                0x000000001c007ad0       0x18 1c102_Interrupt.o
 .rodata.__FUNCTION__.1616
                0x000000001c007ae8       0x18 1c102_Interrupt.o
 .rodata.__FUNCTION__.1620
                0x000000001c007b00       0x18 1c102_Interrupt.o
 .rodata.__FUNCTION__.1624
                0x000000001c007b18       0x18 1c102_Interrupt.o
 .rodata.__FUNCTION__.1628
                0x000000001c007b30       0x18 1c102_Interrupt.o
 .rodata.__FUNCTION__.1632
                0x000000001c007b48       0x18 1c102_Interrupt.o
 .rodata.__FUNCTION__.1636
                0x000000001c007b60       0x18 1c102_Interrupt.o
 .rodata.__FUNCTION__.1640
                0x000000001c007b78       0x18 1c102_Interrupt.o
 .rodata.__FUNCTION__.1644
                0x000000001c007b90       0x18 1c102_Interrupt.o
 .rodata.__FUNCTION__.1648
                0x000000001c007ba8       0x18 1c102_Interrupt.o
 .rodata.__FUNCTION__.1652
                0x000000001c007bc0       0x18 1c102_Interrupt.o
 .rodata.__FUNCTION__.1656
                0x000000001c007bd8       0x18 1c102_Interrupt.o
 .rodata.__FUNCTION__.1660
                0x000000001c007bf0       0x18 1c102_Interrupt.o
 .rodata.__FUNCTION__.1664
                0x000000001c007c08       0x18 1c102_Interrupt.o
 .rodata.__FUNCTION__.1668
                0x000000001c007c20       0x18 1c102_Interrupt.o
 .rodata.__FUNCTION__.1672
                0x000000001c007c38       0x18 1c102_Interrupt.o
 .rodata.__FUNCTION__.1676
                0x000000001c007c50       0x18 1c102_Interrupt.o
 .rodata.asc2_1608
                0x000000001c007c68      0x5f0 oled.o
                0x000000001c007c68                asc2_1608
 .rodata.tfont16
                0x000000001c008258      0x3d4 oled.o
                0x000000001c008258                tfont16
 .rodata.tfont32
                0x000000001c00862c        0x0 oled.o
                0x000000001c00862c                tfont32
 .rodata        0x000000001c00862c        0x6 oled.o
 *fill*         0x000000001c008632        0x2 
 .rodata        0x000000001c008634        0xc bh1750.o
 .rodata        0x000000001c008640      0x15c 1c102_main.o
                0x000000001c00879c                . = ALIGN (0x4)
                0x000000001c00879c                _sidata = ALIGN (., 0x4)
                0x000000001c00879c                . = ALIGN (0x4)

.rela.dyn       0x000000001c00879c        0x0
 .rela.got      0x000000001c00879c        0x0 start.o
 .rela.rodata.myprintf
                0x000000001c00879c        0x0 start.o
 .rela.rodata.vsprintf
                0x000000001c00879c        0x0 start.o
 .rela.rodata.Ext_IrqHandle
                0x000000001c00879c        0x0 start.o
 .rela.rodata.BAT_FAIL
                0x000000001c00879c        0x0 start.o

.data           0x0000000080001000       0x20 load address 0x000000001c00879c
                0x0000000080001000                _sdata = .
                0x0000000080001000                . = ALIGN (0x4)
 *(.got.plt)
 .got.plt       0x0000000080001000        0x0 start.o
                0x0000000080001000                . = ALIGN (0x4)
 *(.got)
 .got           0x0000000080001000       0x1c start.o
                0x0000000080001000                _GLOBAL_OFFSET_TABLE_
                0x000000008000101c                . = ALIGN (0x4)
 *(.data .data.*)
 .data.g_SystemFreq
                0x000000008000101c        0x4 ls1x_clock.o
                0x000000008000101c                g_SystemFreq
                0x0000000080001020                . = ALIGN (0x4)
                0x0000000080001020                _edata = .

.bss            0x0000000080000000       0x28
                0x0000000080000000                _sbss = .
                0x0000000080000000                . = ALIGN (0x4)
 *(.sbss)
                0x0000000080000000                . = ALIGN (0x4)
 *(.bss .bss.*)
 .bss.Lx_value  0x0000000080000000        0x2 bh1750.o
                0x0000000080000000                Lx_value
 *fill*         0x0000000080000002        0x2 
 .bss.humidity_alarm_flag.2464
                0x0000000080000004        0x4 1c102_main.o
 .bss.debug_page.2470
                0x0000000080000008        0x4 1c102_main.o
 .bss.select_index.2471
                0x000000008000000c        0x4 1c102_main.o
                0x0000000080000010                . = ALIGN (0x4)
 *(.scommon)
                0x0000000080000010                . = ALIGN (0x4)
 *(COMMON)
 COMMON         0x0000000080000010       0x16 bh1750.o
                0x0000000080000010                display
                0x0000000080000024                BUF
                0x0000000080000028                . = ALIGN (0x4)
 *fill*         0x0000000080000026        0x2 
                0x0000000080000028                _ebss = .
LOAD start.o
LOAD serial.o
LOAD wakeup.o
LOAD UserGpio.o
LOAD init.o
LOAD ls1x_gpio.o
LOAD ls1x_spi.o
LOAD ls1x_printf.o
LOAD ls1x_uart.o
LOAD ls1x_clock.o
LOAD ls1x_common.o
LOAD ls1x_pmu.o
LOAD ls1x_logo.o
LOAD ls1x_latimer.o
LOAD ls1x_string.o
LOAD ls1x_flash.o
LOAD ls1x_rtc.o
LOAD ls1x_exti.o
LOAD ls1x_wdg.o
LOAD ls1c102_i2c.o
LOAD ls1c102_vpwm.o
LOAD ls1c102_adc.o
LOAD ls1c102_touch.o
LOAD ls1c102_ptimer.o
LOAD 1c102_cmdline.o
LOAD 1c102_cmd.o
LOAD 1c102_Interrupt.o
LOAD iic.o
LOAD dht11.o
LOAD led.o
LOAD key.o
LOAD oled.o
LOAD bh1750.o
LOAD my_iic.o
LOAD 1c102_main.o
OUTPUT(1c102_demo.elf elf32-loongarch)

.comment        0x0000000000000000       0x11
 .comment       0x0000000000000000       0x11 UserGpio.o
                                         0x12 (size before relaxing)
 .comment       0x0000000000000011       0x12 init.o
 .comment       0x0000000000000011       0x12 ls1x_gpio.o
 .comment       0x0000000000000011       0x12 ls1x_printf.o
 .comment       0x0000000000000011       0x12 ls1x_uart.o
 .comment       0x0000000000000011       0x12 ls1x_clock.o
 .comment       0x0000000000000011       0x12 ls1x_common.o
 .comment       0x0000000000000011       0x12 ls1x_pmu.o
 .comment       0x0000000000000011       0x12 ls1x_logo.o
 .comment       0x0000000000000011       0x12 ls1x_latimer.o
 .comment       0x0000000000000011       0x12 ls1x_string.o
 .comment       0x0000000000000011       0x12 ls1x_exti.o
 .comment       0x0000000000000011       0x12 ls1x_wdg.o
 .comment       0x0000000000000011       0x12 ls1c102_touch.o
 .comment       0x0000000000000011       0x12 ls1c102_ptimer.o
 .comment       0x0000000000000011       0x12 1c102_Interrupt.o
 .comment       0x0000000000000011       0x12 iic.o
 .comment       0x0000000000000011       0x12 dht11.o
 .comment       0x0000000000000011       0x12 led.o
 .comment       0x0000000000000011       0x12 key.o
 .comment       0x0000000000000011       0x12 oled.o
 .comment       0x0000000000000011       0x12 bh1750.o
 .comment       0x0000000000000011       0x12 my_iic.o
 .comment       0x0000000000000011       0x12 1c102_main.o
